[1/50] ac2__Figure_10_82: FAIL -- devrede kaynak yok ve esdeger direnc hesaplanamadi (tam olarak 2 acik uc bulunamadi ya da indirgeme tek dirence inmedi)
[2/50] ac3__Figure_11_3: OK (23.6s)
[3/50] ac3__Figure_11_30: FAIL -- resistor1: 1 net'e degiyor, 2 bekleniyor (extraction.json'daki uyarilara bak)
[4/50] ac3__Figure_11_52: FAIL -- resistor2: 0 net'e degiyor, 2 bekleniyor (extraction.json'daki uyarilara bak)
[5/50] ac3__Figure_11_79: FAIL -- source_i1: 1 net'e degiyor, 2 bekleniyor (extraction.json'daki uyarilara bak)
[6/50] ac3__Figure_11_82: FAIL -- source_v1: 1 net'e degiyor, 2 bekleniyor (extraction.json'daki uyarilara bak)
[7/50] ac__Figure_10_11: OK (8.6s)
[8/50] ac__Figure_10_14: OK (7.7s)
[9/50] ac__Figure_9_18: FAIL -- source_v1: 1 net'e degiyor, 2 bekleniyor (extraction.json'daki uyarilara bak)
[10/50] ac__Figure_9_21: FAIL -- devrede kaynak yok ve esdeger direnc hesaplanamadi (tam olarak 2 acik uc bulunamadi ya da indirgeme tek dirence inmedi)
[11/50] ac__Figure_9_62: FAIL -- devrede kaynak yok ve esdeger direnc hesaplanamadi (tam olarak 2 acik uc bulunamadi ya da indirgeme tek dirence inmedi)
[12/50] dc__Figure_2_10: FAIL -- resistor2: VLM degeri okuyamadi (null dondu), elle girilmeli
[13/50] dc__Figure_2_11: FAIL -- resistor1: 1 net'e degiyor, 2 bekleniyor (extraction.json'daki uyarilara bak)
[14/50] dc__Figure_2_13: OK (7.7s)
[15/50] dc__Figure_2_15: OK (23.0s)
[16/50] dc__Figure_2_22: OK (7.7s)
[17/50] dc__Figure_2_24: OK (13.4s)
[18/50] dc__Figure_2_28: OK (13.4s)
[19/50] dc__Figure_2_8: OK (3.9s)
[20/50] gt_holdout2__Figure_4_10: FAIL -- resistor3: 0 net'e degiyor, 2 bekleniyor (extraction.json'daki uyarilara bak)
[21/50] gt_holdout2__Figure_4_13: OK (16.2s)
[22/50] gt_holdout2__Figure_4_17: OK (18.5s)
[23/50] gt_holdout2__Figure_4_2: FAIL -- dependent_vcvs1: kontrol degiskeni 'x' icin 0 aday bulundu (TEK olmali) -- []
[24/50] gt_holdout2__Figure_4_29: OK (12.6s)
[25/50] gt_holdout2__Figure_4_4: OK (24.9s)
[26/50] gt_holdout2__Figure_4_6: OK (8.7s)
[27/50] gt_holdout2__Figure_4_8: OK (13.4s)
[28/50] gt_holdout__Figure_3_10: FAIL -- resistor2: 1 net'e degiyor, 2 bekleniyor (extraction.json'daki uyarilara bak)
[29/50] gt_holdout__Figure_3_11: OK (18.3s)
[30/50] gt_holdout__Figure_3_18: OK (16.4s)
[31/50] gt_holdout__Figure_3_2: FAIL -- resistor1: 1 net'e degiyor, 2 bekleniyor (extraction.json'daki uyarilara bak)
[32/50] gt_holdout__Figure_3_22: OK (13.3s)
[33/50] gt_holdout__Figure_3_25: OK (22.4s)
[34/50] gt_holdout__Figure_3_28: OK (26.2s)
[35/50] gt_holdout__Figure_3_31: OK (18.8s)
[36/50] gt_validation__Figure_2_10: OK (12.6s)
[37/50] gt_validation__Figure_2_12: OK (8.9s)
[38/50] gt_validation__Figure_2_14: OK (17.8s)
[39/50] gt_validation__Figure_2_21: OK (8.7s)
[40/50] gt_validation__Figure_2_23: OK (13.2s)
[41/50] gt_validation__Figure_2_27: OK (14.0s)
[42/50] gt_validation__Figure_2_29: FAIL -- resistor1: VLM degeri okuyamadi (null dondu), elle girilmeli
[43/50] gt_validation__Figure_2_34: OK (32.1s)
[44/50] gt_validation__Figure_2_36: OK (35.8s)
[45/50] gt_validation__Figure_2_37: FAIL -- devrede kaynak yok ve esdeger direnc hesaplanamadi (tam olarak 2 acik uc bulunamadi ya da indirgeme tek dirence inmedi)
[46/50] gt_validation__Figure_2_39: FAIL -- devrede kaynak yok ve esdeger direnc hesaplanamadi (tam olarak 2 acik uc bulunamadi ya da indirgeme tek dirence inmedi)
[47/50] gt_validation__Figure_2_45: OK (15.6s)
[48/50] gt_validation__Figure_2_51: FAIL -- devrede kaynak yok ve esdeger direnc hesaplanamadi (tam olarak 2 acik uc bulunamadi ya da indirgeme tek dirence inmedi)
[49/50] gt_validation__Figure_2_54: OK (29.8s)
[50/50] gt_validation__Figure_2_65: FAIL -- impedance_box1: empedans okunamadi -- empedans alanlarý eksik/null: {'resistance': None, 'reactance': None, 'magnitude': None, 'phase_degrees': None}

31/50 basarili -> runs_selected_50_solve_report.json
